Archive member included to satisfy reference by file (symbol)

C:/ST/STM32CubeIDE_1.14.1/STM32CubeIDE/plugins/com.st.stm32cube.ide.mcu.externaltools.gnu-tools-for-stm32.11.3.rel1.win32_1.1.100.202309141235/tools/bin/../lib/gcc/arm-none-eabi/11.3.1/../../../../arm-none-eabi/lib/thumb/v7-m/nofp\libc_nano.a(libc_a-exit.o)
                              C:/ST/STM32CubeIDE_1.14.1/STM32CubeIDE/plugins/com.st.stm32cube.ide.mcu.externaltools.gnu-tools-for-stm32.11.3.rel1.win32_1.1.100.202309141235/tools/bin/../lib/gcc/arm-none-eabi/11.3.1/../../../../arm-none-eabi/lib/thumb/v7-m/nofp/crt0.o (exit)
C:/ST/STM32CubeIDE_1.14.1/STM32CubeIDE/plugins/com.st.stm32cube.ide.mcu.externaltools.gnu-tools-for-stm32.11.3.rel1.win32_1.1.100.202309141235/tools/bin/../lib/gcc/arm-none-eabi/11.3.1/../../../../arm-none-eabi/lib/thumb/v7-m/nofp\libc_nano.a(libc_a-findfp.o)
                              C:/ST/STM32CubeIDE_1.14.1/STM32CubeIDE/plugins/com.st.stm32cube.ide.mcu.externaltools.gnu-tools-for-stm32.11.3.rel1.win32_1.1.100.202309141235/tools/bin/../lib/gcc/arm-none-eabi/11.3.1/../../../../arm-none-eabi/lib/thumb/v7-m/nofp\libc_nano.a(libc_a-exit.o) (__stdio_exit_handler)
C:/ST/STM32CubeIDE_1.14.1/STM32CubeIDE/plugins/com.st.stm32cube.ide.mcu.externaltools.gnu-tools-for-stm32.11.3.rel1.win32_1.1.100.202309141235/tools/bin/../lib/gcc/arm-none-eabi/11.3.1/../../../../arm-none-eabi/lib/thumb/v7-m/nofp\libc_nano.a(libc_a-fwalk.o)
                              C:/ST/STM32CubeIDE_1.14.1/STM32CubeIDE/plugins/com.st.stm32cube.ide.mcu.externaltools.gnu-tools-for-stm32.11.3.rel1.win32_1.1.100.202309141235/tools/bin/../lib/gcc/arm-none-eabi/11.3.1/../../../../arm-none-eabi/lib/thumb/v7-m/nofp\libc_nano.a(libc_a-findfp.o) (_fwalk_sglue)
C:/ST/STM32CubeIDE_1.14.1/STM32CubeIDE/plugins/com.st.stm32cube.ide.mcu.externaltools.gnu-tools-for-stm32.11.3.rel1.win32_1.1.100.202309141235/tools/bin/../lib/gcc/arm-none-eabi/11.3.1/../../../../arm-none-eabi/lib/thumb/v7-m/nofp\libc_nano.a(libc_a-stdio.o)
                              C:/ST/STM32CubeIDE_1.14.1/STM32CubeIDE/plugins/com.st.stm32cube.ide.mcu.externaltools.gnu-tools-for-stm32.11.3.rel1.win32_1.1.100.202309141235/tools/bin/../lib/gcc/arm-none-eabi/11.3.1/../../../../arm-none-eabi/lib/thumb/v7-m/nofp\libc_nano.a(libc_a-findfp.o) (__sread)
C:/ST/STM32CubeIDE_1.14.1/STM32CubeIDE/plugins/com.st.stm32cube.ide.mcu.externaltools.gnu-tools-for-stm32.11.3.rel1.win32_1.1.100.202309141235/tools/bin/../lib/gcc/arm-none-eabi/11.3.1/../../../../arm-none-eabi/lib/thumb/v7-m/nofp\libc_nano.a(libc_a-memset.o)
                              C:/ST/STM32CubeIDE_1.14.1/STM32CubeIDE/plugins/com.st.stm32cube.ide.mcu.externaltools.gnu-tools-for-stm32.11.3.rel1.win32_1.1.100.202309141235/tools/bin/../lib/gcc/arm-none-eabi/11.3.1/../../../../arm-none-eabi/lib/thumb/v7-m/nofp/crt0.o (memset)
C:/ST/STM32CubeIDE_1.14.1/STM32CubeIDE/plugins/com.st.stm32cube.ide.mcu.externaltools.gnu-tools-for-stm32.11.3.rel1.win32_1.1.100.202309141235/tools/bin/../lib/gcc/arm-none-eabi/11.3.1/../../../../arm-none-eabi/lib/thumb/v7-m/nofp\libc_nano.a(libc_a-closer.o)
                              C:/ST/STM32CubeIDE_1.14.1/STM32CubeIDE/plugins/com.st.stm32cube.ide.mcu.externaltools.gnu-tools-for-stm32.11.3.rel1.win32_1.1.100.202309141235/tools/bin/../lib/gcc/arm-none-eabi/11.3.1/../../../../arm-none-eabi/lib/thumb/v7-m/nofp\libc_nano.a(libc_a-stdio.o) (_close_r)
C:/ST/STM32CubeIDE_1.14.1/STM32CubeIDE/plugins/com.st.stm32cube.ide.mcu.externaltools.gnu-tools-for-stm32.11.3.rel1.win32_1.1.100.202309141235/tools/bin/../lib/gcc/arm-none-eabi/11.3.1/../../../../arm-none-eabi/lib/thumb/v7-m/nofp\libc_nano.a(libc_a-reent.o)
                              C:/ST/STM32CubeIDE_1.14.1/STM32CubeIDE/plugins/com.st.stm32cube.ide.mcu.externaltools.gnu-tools-for-stm32.11.3.rel1.win32_1.1.100.202309141235/tools/bin/../lib/gcc/arm-none-eabi/11.3.1/../../../../arm-none-eabi/lib/thumb/v7-m/nofp\libc_nano.a(libc_a-closer.o) (errno)
C:/ST/STM32CubeIDE_1.14.1/STM32CubeIDE/plugins/com.st.stm32cube.ide.mcu.externaltools.gnu-tools-for-stm32.11.3.rel1.win32_1.1.100.202309141235/tools/bin/../lib/gcc/arm-none-eabi/11.3.1/../../../../arm-none-eabi/lib/thumb/v7-m/nofp\libc_nano.a(libc_a-impure.o)
                              C:/ST/STM32CubeIDE_1.14.1/STM32CubeIDE/plugins/com.st.stm32cube.ide.mcu.externaltools.gnu-tools-for-stm32.11.3.rel1.win32_1.1.100.202309141235/tools/bin/../lib/gcc/arm-none-eabi/11.3.1/../../../../arm-none-eabi/lib/thumb/v7-m/nofp\libc_nano.a(libc_a-reent.o) (_impure_ptr)
C:/ST/STM32CubeIDE_1.14.1/STM32CubeIDE/plugins/com.st.stm32cube.ide.mcu.externaltools.gnu-tools-for-stm32.11.3.rel1.win32_1.1.100.202309141235/tools/bin/../lib/gcc/arm-none-eabi/11.3.1/../../../../arm-none-eabi/lib/thumb/v7-m/nofp\libc_nano.a(libc_a-lseekr.o)
[...]
Memory Configuration

Name             Origin             Length             Attributes
RAM              0x0000000020000000 0x0000000000005000 xrw
FLASH            0x0000000008000000 0x0000000000020000 xr
*default*        0x0000000000000000 0xffffffffffffffff

Linker script and memory map

LOAD C:/ST/STM32CubeIDE_1.14.1/STM32CubeIDE/plugins/com.st.stm32cube.ide.mcu.externaltools.gnu-tools-for-stm32.11.3.rel1.win32_1.1.100.202309141235/tools/bin/../lib/gcc/arm-none-eabi/11.3.1/thumb/v7-m/nofp/crti.o
LOAD C:/ST/STM32CubeIDE_1.14.1/STM32CubeIDE/plugins/com.st.stm32cube.ide.mcu.externaltools.gnu-tools-for-stm32.11.3.rel1.win32_1.1.100.202309141235/tools/bin/../lib/gcc/arm-none-eabi/11.3.1/thumb/v7-m/nofp/crtbegin.o
LOAD C:/ST/STM32CubeIDE_1.14.1/STM32CubeIDE/plugins/com.st.stm32cube.ide.mcu.externaltools.gnu-tools-for-stm32.11.3.rel1.win32_1.1.100.202309141235/tools/bin/../lib/gcc/arm-none-eabi/11.3.1/../../../../arm-none-eabi/lib/thumb/v7-m/nofp/crt0.o
LOAD ./Core/Src/GFX_FUNCTIONS.o
LOAD ./Core/Src/ST7735.o
LOAD ./Core/Src/TFT_MENU.o
LOAD ./Core/Src/fonts.o
LOAD ./Core/Src/main.o
LOAD ./Core/Src/stm32f1xx_hal_msp.o
LOAD ./Core/Src/stm32f1xx_it.o
LOAD ./Core/Src/syscalls.o
LOAD ./Core/Src/sysmem.o
LOAD ./Core/Src/system_stm32f1xx.o
LOAD ./Core/Startup/startup_stm32f103rbtx.o
LOAD ./Drivers/STM32F1xx_HAL_Driver/Src/stm32f1xx_hal.o
LOAD ./Drivers/STM32F1xx_HAL_Driver/Src/stm32f1xx_hal_cortex.o
LOAD ./Drivers/STM32F1xx_HAL_Driver/Src/stm32f1xx_hal_dma.o
LOAD ./Drivers/STM32F1xx_HAL_Driver/Src/stm32f1xx_hal_exti.o
LOAD ./Drivers/STM32F1xx_HAL_Driver/Src/stm32f1xx_hal_flash.o
LOAD ./Drivers/STM32F1xx_HAL_Driver/Src/stm32f1xx_hal_flash_ex.o
LOAD ./Drivers/STM32F1xx_HAL_Driver/Src/stm32f1xx_hal_gpio.o
LOAD ./Drivers/STM32F1xx_HAL_Driver/Src/stm32f1xx_hal_gpio_ex.o
LOAD ./Drivers/STM32F1xx_HAL_Driver/Src/stm32f1xx_hal_pwr.o
LOAD ./Drivers/STM32F1xx_HAL_Driver/Src/stm32f1xx_hal_rcc.o
LOAD ./Drivers/STM32F1xx_HAL_Driver/Src/stm32f1xx_hal_rcc_ex.o
LOAD ./Drivers/STM32F1xx_HAL_Driver/Src/stm32f1xx_hal_spi.o
LOAD ./Drivers/STM32F1xx_HAL_Driver/Src/stm32f1xx_hal_tim.o
LOAD ./Drivers/STM32F1xx_HAL_Driver/Src/stm32f1xx_hal_tim_ex.o
LOAD ./Drivers/STM32F1xx_HAL_Driver/Src/stm32f1xx_hal_uart.o
START GROUP
LOAD C:/ST/STM32CubeIDE_1.14.1/STM32CubeIDE/plugins/com.st.stm32cube.ide.mcu.externaltools.gnu-tools-for-stm32.11.3.rel1.win32_1.1.100.202309141235/tools/bin/../lib/gcc/arm-none-eabi/11.3.1/../../../../arm-none-eabi/lib/thumb/v7-m/nofp\libc_nano.a
LOAD C:/ST/STM32CubeIDE_1.14.1/STM32CubeIDE/plugins/com.st.stm32cube.ide.mcu.externaltools.gnu-tools-for-stm32.11.3.rel1.win32_1.1.100.202309141235/tools/bin/../lib/gcc/arm-none-eabi/11.3.1/../../../../arm-none-eabi/lib/thumb/v7-m/nofp\libm.a
END GROUP
START GROUP
LOAD C:/ST/STM32CubeIDE_1.14.1/STM32CubeIDE/plugins/com.st.stm32cube.ide.mcu.externaltools.gnu-tools-for-stm32.11.3.rel1.win32_1.1.100.202309141235/tools/bin/../lib/gcc/arm-none-eabi/11.3.1/thumb/v7-m/nofp\libgcc.a
LOAD C:/ST/STM32CubeIDE_1.14.1/STM32CubeIDE/plugins/com.st.stm32cube.ide.mcu.externaltools.gnu-tools-for-stm32.11.3.rel1.win32_1.1.100.202309141235/tools/bin/../lib/gcc/arm-none-eabi/11.3.1/../../../../arm-none-eabi/lib/thumb/v7-m/nofp\libc_nano.a
END GROUP
START GROUP
LOAD C:/ST/STM32CubeIDE_1.14.1/STM32CubeIDE/plugins/com.st.stm32cube.ide.mcu.externaltools.gnu-tools-for-stm32.11.3.rel1.win32_1.1.100.202309141235/tools/bin/../lib/gcc/arm-none-eabi/11.3.1/thumb/v7-m/nofp\libgcc.a
LOAD C:/ST/STM32CubeIDE_1.14.1/STM32CubeIDE/plugins/com.st.stm32cube.ide.mcu.externaltools.gnu-tools-for-stm32.11.3.rel1.win32_1.1.100.202309141235/tools/bin/../lib/gcc/arm-none-eabi/11.3.1/../../../../arm-none-eabi/lib/thumb/v7-m/nofp\libc_nano.a
LOAD C:/ST/STM32CubeIDE_1.14.1/STM32CubeIDE/plugins/com.st.stm32cube.ide.mcu.externaltools.gnu-tools-for-stm32.11.3.rel1.win32_1.1.100.202309141235/tools/bin/../lib/gcc/arm-none-eabi/11.3.1/../../../../arm-none-eabi/lib/thumb/v7-m/nofp\libnosys.a
END GROUP
START GROUP
LOAD C:/ST/STM32CubeIDE_1.14.1/STM32CubeIDE/plugins/com.st.stm32cube.ide.mcu.externaltools.gnu-tools-for-stm32.11.3.rel1.win32_1.1.100.202309141235/tools/bin/../lib/gcc/arm-none-eabi/11.3.1/thumb/v7-m/nofp\libgcc.a
LOAD C:/ST/STM32CubeIDE_1.14.1/STM32CubeIDE/plugins/com.st.stm32cube.ide.mcu.externaltools.gnu-tools-for-stm32.11.3.rel1.win32_1.1.100.202309141235/tools/bin/../lib/gcc/arm-none-eabi/11.3.1/../../../../arm-none-eabi/lib/thumb/v7-m/nofp\libc_nano.a
LOAD C:/ST/STM32CubeIDE_1.14.1/STM32CubeIDE/plugins/com.st.stm32cube.ide.mcu.externaltools.gnu-tools-for-stm32.11.3.rel1.win32_1.1.100.202309141235/tools/bin/../lib/gcc/arm-none-eabi/11.3.1/../../../../arm-none-eabi/lib/thumb/v7-m/nofp\libnosys.a
END GROUP
LOAD C:/ST/STM32CubeIDE_1.14.1/STM32CubeIDE/plugins/com.st.stm32cube.ide.mcu.externaltools.gnu-tools-for-stm32.11.3.rel1.win32_1.1.100.202309141235/tools/bin/../lib/gcc/arm-none-eabi/11.3.1/thumb/v7-m/nofp/crtend.o
LOAD C:/ST/STM32CubeIDE_1.14.1/STM32CubeIDE/plugins/com.st.stm32cube.ide.mcu.externaltools.gnu-tools-for-stm32.11.3.rel1.win32_1.1.100.202309141235/tools/bin/../lib/gcc/arm-none-eabi/11.3.1/thumb/v7-m/nofp/crtn.o
                0x0000000020005000                _estack = (ORIGIN (RAM) + LENGTH (RAM))
                0x0000000000000200                _Min_Heap_Size = 0x200
                0x0000000000000400                _Min_Stack_Size = 0x400

.isr_vector     0x0000000008000000      0x10c
                0x0000000008000000                . = ALIGN (0x4)
 *(.isr_vector)
 .isr_vector    0x0000000008000000      0x10c ./Core/Startup/startup_stm32f103rbtx.o
                0x0000000008000000                g_pfnVectors
                0x000000000800010c                . = ALIGN (0x4)

.text           0x000000000800010c     0x3764
                0x000000000800010c                . = ALIGN (0x4)
 *(.text)
 .text          0x000000000800010c       0x40 C:/ST/STM32CubeIDE_1.14.1/STM32CubeIDE/plugins/com.st.stm32cube.ide.mcu.externaltools.gnu-tools-for-stm32.11.3.rel1.win32_1.1.100.202309141235/tools/bin/../lib/gcc/arm-none-eabi/11.3.1/thumb/v7-m/nofp/crtbegin.o
 *(.text*)
 .text.fillRect
                0x000000000800014c       0x38 ./Core/Src/GFX_FUNCTIONS.o
                0x000000000800014c                fillRect
 .text.fillScreen
                0x0000000008000184       0x34 ./Core/Src/GFX_FUNCTIONS.o
                0x0000000008000184                fillScreen
 .text.ST7735_Select
                0x00000000080001b8       0x18 ./Core/Src/ST7735.o
                0x00000000080001b8                ST7735_Select
 .text.ST7735_Unselect
                0x00000000080001d0       0x18 ./Core/Src/ST7735.o
                0x00000000080001d0                ST7735_Unselect
 .text.ST7735_Reset
                0x00000000080001e8       0x28 ./Core/Src/ST7735.o
                0x00000000080001e8                ST7735_Reset
 .text.ST7735_WriteCommand
                0x0000000008000210       0x34 ./Core/Src/ST7735.o
                0x0000000008000210                ST7735_WriteCommand
 .text.ST7735_WriteData
                0x0000000008000244       0x38 ./Core/Src/ST7735.o
                0x0000000008000244                ST7735_WriteData
 .text.DisplayInit
                0x000000000800027c       0x92 ./Core/Src/ST7735.o
                0x000000000800027c                DisplayInit
 *fill*         0x000000000800030e        0x2 
 .text.ST7735_SetAddressWindow
                0x0000000008000310       0x90 ./Core/Src/ST7735.o
                0x0000000008000310                ST7735_SetAddressWindow
 .text.ST7735_Init
                0x00000000080003a0       0x58 ./Core/Src/ST7735.o
                0x00000000080003a0                ST7735_Init
 .text.ST7735_SetRotation
                0x00000000080003f8      0x100 ./Core/Src/ST7735.o
                0x00000000080003f8                ST7735_SetRotation
 .text.ST7735_WriteChar
                0x00000000080004f8       0xee ./Core/Src/ST7735.o
                0x00000000080004f8                ST7735_WriteChar
 *fill*         0x00000000080005e6        0x2 
 .text.ST7735_WriteString
                0x00000000080005e8       0xa8 ./Core/Src/ST7735.o
                0x00000000080005e8                ST7735_WriteString
 .text.ST7735_FillRectangle
                0x0000000008000690      0x114 ./Core/Src/ST7735.o
                0x0000000008000690                ST7735_FillRectangle
 .text.main     0x00000000080007a4       0x3c ./Core/Src/main.o
                0x00000000080007a4                main
 .text.SystemClock_Config
                0x00000000080007e0       0x8a ./Core/Src/main.o
                0x00000000080007e0                SystemClock_Config
 *fill*         0x000000000800086a        0x2 
 .text.MX_SPI1_Init
                0x000000000800086c       0x6c ./Core/Src/main.o
 .text.MX_USART2_UART_Init
                0x00000000080008d8       0x54 ./Core/Src/main.o
 .text.MX_DMA_Init
                0x000000000800092c       0x3c ./Core/Src/main.o
 .text.MX_GPIO_Init
                0x0000000008000968      0x104 ./Core/Src/main.o
 .text.HAL_UARTEx_RxEventCallback
                0x0000000008000a6c       0xc4 ./Core/Src/main.o
                0x0000000008000a6c                HAL_UARTEx_RxEventCallback
 .text.Error_Handler
                0x0000000008000b30        0xa ./Core/Src/main.o
                0x0000000008000b30                Error_Handler
 *fill*         0x0000000008000b3a        0x2 
 .text.HAL_MspInit
                0x0000000008000b3c       0x64 ./Core/Src/stm32f1xx_hal_msp.o
                0x0000000008000b3c                HAL_MspInit
 .text.HAL_SPI_MspInit
                0x0000000008000ba0       0x94 ./Core/Src/stm32f1xx_hal_msp.o
                0x0000000008000ba0                HAL_SPI_MspInit
 .text.HAL_UART_MspInit
                0x0000000008000c34       0xe0 ./Core/Src/stm32f1xx_hal_msp.o
                0x0000000008000c34                HAL_UART_MspInit
 .text.NMI_Handler
                0x0000000008000d14        0x6 ./Core/Src/stm32f1xx_it.o
                0x0000000008000d14                NMI_Handler
 .text.HardFault_Handler
                0x0000000008000d1a        0x6 ./Core/Src/stm32f1xx_it.o
                0x0000000008000d1a                HardFault_Handler
 .text.MemManage_Handler
                0x0000000008000d20        0x6 ./Core/Src/stm32f1xx_it.o
                0x0000000008000d20                MemManage_Handler
 .text.BusFault_Handler
                0x0000000008000d26        0x6 ./Core/Src/stm32f1xx_it.o
                0x0000000008000d26                BusFault_Handler
 .text.UsageFault_Handler
                0x0000000008000d2c        0x6 ./Core/Src/stm32f1xx_it.o
                0x0000000008000d2c                UsageFault_Handler
 .text.SVC_Handler
                0x0000000008000d32        0xc ./Core/Src/stm32f1xx_it.o
                0x0000000008000d32                SVC_Handler
 .text.DebugMon_Handler
                0x0000000008000d3e        0xc ./Core/Src/stm32f1xx_it.o
                0x0000000008000d3e                DebugMon_Handler
 .text.PendSV_Handler
                0x0000000008000d4a        0xc ./Core/Src/stm32f1xx_it.o
                0x0000000008000d4a                PendSV_Handler
 .text.SysTick_Handler
                0x0000000008000d56        0xc ./Core/Src/stm32f1xx_it.o
                0x0000000008000d56                SysTick_Handler
 *fill*         0x0000000008000d62        0x2 
 .text.DMA1_Channel6_IRQHandler
                0x0000000008000d64       0x14 ./Core/Src/stm32f1xx_it.o
                0x0000000008000d64                DMA1_Channel6_IRQHandler
 .text.USART2_IRQHandler
                0x0000000008000d78       0x14 ./Core/Src/stm32f1xx_it.o
                0x0000000008000d78                USART2_IRQHandler
 .text.SystemInit
                0x0000000008000d8c        0xc ./Core/Src/system_stm32f1xx.o
                0x0000000008000d8c                SystemInit
 .text.Reset_Handler
                0x0000000008000d98       0x48 ./Core/Startup/startup_stm32f103rbtx.o
                0x0000000008000d98                Reset_Handler
 .text.Default_Handler
                0x0000000008000de0        0x2 ./Core/Startup/startup_stm32f103rbtx.o
                0x0000000008000de0                RTC_Alarm_IRQHandler
                0x0000000008000de0                EXTI2_IRQHandler
                0x0000000008000de0                TIM1_CC_IRQHandler
                0x0000000008000de0                PVD_IRQHandler
                0x0000000008000de0                EXTI3_IRQHandler
                0x0000000008000de0                EXTI0_IRQHandler
                0x0000000008000de0                I2C2_EV_IRQHandler
                0x0000000008000de0                ADC1_2_IRQHandler
                0x0000000008000de0                SPI1_IRQHandler
                0x0000000008000de0                TAMPER_IRQHandler
                0x0000000008000de0                DMA1_Channel4_IRQHandler
                0x0000000008000de0                USART3_IRQHandler
                0x0000000008000de0                RTC_IRQHandler
                0x0000000008000de0                DMA1_Channel7_IRQHandler
                0x0000000008000de0                CAN1_RX1_IRQHandler
                0x0000000008000de0                TIM4_IRQHandler
                0x0000000008000de0                I2C1_EV_IRQHandler
                0x0000000008000de0                TIM3_IRQHandler
                0x0000000008000de0                RCC_IRQHandler
                0x0000000008000de0                TIM1_TRG_COM_IRQHandler
                0x0000000008000de0                DMA1_Channel1_IRQHandler
                0x0000000008000de0                Default_Handler
                0x0000000008000de0                EXTI15_10_IRQHandler
                0x0000000008000de0                EXTI9_5_IRQHandler
                0x0000000008000de0                SPI2_IRQHandler
                0x0000000008000de0                DMA1_Channel5_IRQHandler
                0x0000000008000de0                EXTI4_IRQHandler
                0x0000000008000de0                USB_LP_CAN1_RX0_IRQHandler
                0x0000000008000de0                USB_HP_CAN1_TX_IRQHandler
                0x0000000008000de0                DMA1_Channel3_IRQHandler
                0x0000000008000de0                TIM1_UP_IRQHandler
                0x0000000008000de0                WWDG_IRQHandler
                0x0000000008000de0                TIM2_IRQHandler
                0x0000000008000de0                TIM1_BRK_IRQHandler
                0x0000000008000de0                EXTI1_IRQHandler
                0x0000000008000de0                I2C2_ER_IRQHandler
                0x0000000008000de0                DMA1_Channel2_IRQHandler
                0x0000000008000de0                CAN1_SCE_IRQHandler
                0x0000000008000de0                FLASH_IRQHandler
                0x0000000008000de0                USART1_IRQHandler
                0x0000000008000de0                I2C1_ER_IRQHandler
                0x0000000008000de0                USBWakeUp_IRQHandler
 *fill*         0x0000000008000de2        0x2 
 .text.HAL_Init
                0x0000000008000de4       0x2c ./Drivers/STM32F1xx_HAL_Driver/Src/stm32f1xx_hal.o
                0x0000000008000de4                HAL_Init
 .text.HAL_InitTick
                0x0000000008000e10       0x60 ./Drivers/STM32F1xx_HAL_Driver/Src/stm32f1xx_hal.o
                0x0000000008000e10                HAL_InitTick
 .text.HAL_IncTick
                0x0000000008000e70       0x24 ./Drivers/STM32F1xx_HAL_Driver/Src/stm32f1xx_hal.o
                0x0000000008000e70                HAL_IncTick
 .text.HAL_GetTick
                0x0000000008000e94       0x14 ./Drivers/STM32F1xx_HAL_Driver/Src/stm32f1xx_hal.o
                0x0000000008000e94                HAL_GetTick
 .text.HAL_Delay
                0x0000000008000ea8       0x48 ./Drivers/STM32F1xx_HAL_Driver/Src/stm32f1xx_hal.o
                0x0000000008000ea8                HAL_Delay
 .text.__NVIC_SetPriorityGrouping
                0x0000000008000ef0       0x48 ./Drivers/STM32F1xx_HAL_Driver/Src/stm32f1xx_hal_cortex.o
 .text.__NVIC_GetPriorityGrouping
                0x0000000008000f38       0x1c ./Drivers/STM32F1xx_HAL_Driver/Src/stm32f1xx_hal_cortex.o
 .text.__NVIC_EnableIRQ
                0x0000000008000f54       0x38 ./Drivers/STM32F1xx_HAL_Driver/Src/stm32f1xx_hal_cortex.o
 .text.__NVIC_SetPriority
                0x0000000008000f8c       0x54 ./Drivers/STM32F1xx_HAL_Driver/Src/stm32f1xx_hal_cortex.o
 .text.NVIC_EncodePriority
                0x0000000008000fe0       0x64 ./Drivers/STM32F1xx_HAL_Driver/Src/stm32f1xx_hal_cortex.o
 .text.SysTick_Config
                0x0000000008001044       0x44 ./Drivers/STM32F1xx_HAL_Driver/Src/stm32f1xx_hal_cortex.o
 .text.HAL_NVIC_SetPriorityGrouping
                0x0000000008001088       0x16 ./Drivers/STM32F1xx_HAL_Driver/Src/stm32f1xx_hal_cortex.o
                0x0000000008001088                HAL_NVIC_SetPriorityGrouping
 .text.HAL_NVIC_SetPriority
                0x000000000800109e       0x38 ./Drivers/STM32F1xx_HAL_Driver/Src/stm32f1xx_hal_cortex.o
                0x000000000800109e                HAL_NVIC_SetPriority
 .text.HAL_NVIC_EnableIRQ
                0x00000000080010d6       0x1c ./Drivers/STM32F1xx_HAL_Driver/Src/stm32f1xx_hal_cortex.o
                0x00000000080010d6                HAL_NVIC_EnableIRQ
 .text.HAL_SYSTICK_Config
                0x00000000080010f2       0x18 ./Drivers/STM32F1xx_HAL_Driver/Src/stm32f1xx_hal_cortex.o
                0x00000000080010f2                HAL_SYSTICK_Config
 *fill*         0x000000000800110a        0x2 
 .text.HAL_DMA_Init
                0x000000000800110c       0xb4 ./Drivers/STM32F1xx_HAL_Driver/Src/stm32f1xx_hal_dma.o
                0x000000000800110c                HAL_DMA_Init
 .text.HAL_DMA_Start_IT
                0x00000000080011c0       0xc0 ./Drivers/STM32F1xx_HAL_Driver/Src/stm32f1xx_hal_dma.o
                0x00000000080011c0                HAL_DMA_Start_IT
 .text.HAL_DMA_Abort
                0x0000000008001280       0x76 ./Drivers/STM32F1xx_HAL_Driver/Src/stm32f1xx_hal_dma.o
                0x0000000008001280                HAL_DMA_Abort
 *fill*         0x00000000080012f6        0x2 
 .text.HAL_DMA_Abort_IT
                0x00000000080012f8       0xf0 ./Drivers/STM32F1xx_HAL_Driver/Src/stm32f1xx_hal_dma.o
                0x00000000080012f8                HAL_DMA_Abort_IT
 .text.HAL_DMA_IRQHandler
                0x00000000080013e8      0x20c ./Drivers/STM32F1xx_HAL_Driver/Src/stm32f1xx_hal_dma.o
                0x00000000080013e8                HAL_DMA_IRQHandler
 .text.DMA_SetConfig
                0x00000000080015f4       0x5a ./Drivers/STM32F1xx_HAL_Driver/Src/stm32f1xx_hal_dma.o
 *fill*         0x000000000800164e        0x2 
 .text.HAL_GPIO_Init
                0x0000000008001650      0x308 ./Drivers/STM32F1xx_HAL_Driver/Src/stm32f1xx_hal_gpio.o
                0x0000000008001650                HAL_GPIO_Init
 .text.HAL_GPIO_WritePin
                0x0000000008001958       0x30 ./Drivers/STM32F1xx_HAL_Driver/Src/stm32f1xx_hal_gpio.o
                0x0000000008001958                HAL_GPIO_WritePin
 .text.HAL_RCC_OscConfig
                0x0000000008001988      0x504 ./Drivers/STM32F1xx_HAL_Driver/Src/stm32f1xx_hal_rcc.o
                0x0000000008001988                HAL_RCC_OscConfig
 .text.HAL_RCC_ClockConfig
                0x0000000008001e8c      0x1d4 ./Drivers/STM32F1xx_HAL_Driver/Src/stm32f1xx_hal_rcc.o
                0x0000000008001e8c                HAL_RCC_ClockConfig
 .text.HAL_RCC_GetSysClockFreq
                0x0000000008002060       0xa8 ./Drivers/STM32F1xx_HAL_Driver/Src/stm32f1xx_hal_rcc.o
                0x0000000008002060                HAL_RCC_GetSysClockFreq
 .text.HAL_RCC_GetHCLKFreq
                0x0000000008002108       0x14 ./Drivers/STM32F1xx_HAL_Driver/Src/stm32f1xx_hal_rcc.o
                0x0000000008002108                HAL_RCC_GetHCLKFreq
 .text.HAL_RCC_GetPCLK1Freq
                0x000000000800211c       0x28 ./Drivers/STM32F1xx_HAL_Driver/Src/stm32f1xx_hal_rcc.o
                0x000000000800211c                HAL_RCC_GetPCLK1Freq
 .text.HAL_RCC_GetPCLK2Freq
                0x0000000008002144       0x28 ./Drivers/STM32F1xx_HAL_Driver/Src/stm32f1xx_hal_rcc.o
                0x0000000008002144                HAL_RCC_GetPCLK2Freq
 .text.RCC_Delay
                0x000000000800216c       0x3c ./Drivers/STM32F1xx_HAL_Driver/Src/stm32f1xx_hal_rcc.o
 .text.HAL_SPI_Init
                0x00000000080021a8      0x108 ./Drivers/STM32F1xx_HAL_Driver/Src/stm32f1xx_hal_spi.o
                0x00000000080021a8                HAL_SPI_Init
 .text.HAL_SPI_Transmit
                0x00000000080022b0      0x288 ./Drivers/STM32F1xx_HAL_Driver/Src/stm32f1xx_hal_spi.o
                0x00000000080022b0                HAL_SPI_Transmit
 .text.SPI_WaitFlagStateUntilTimeout
                0x0000000008002538      0x110 ./Drivers/STM32F1xx_HAL_Driver/Src/stm32f1xx_hal_spi.o
 .text.SPI_EndRxTxTransaction
                0x0000000008002648       0x62 ./Drivers/STM32F1xx_HAL_Driver/Src/stm32f1xx_hal_spi.o
 .text.HAL_UART_Init
                0x00000000080026aa       0xa0 ./Drivers/STM32F1xx_HAL_Driver/Src/stm32f1xx_hal_uart.o
                0x00000000080026aa                HAL_UART_Init
 .text.HAL_UART_Transmit
                0x000000000800274a      0x116 ./Drivers/STM32F1xx_HAL_Driver/Src/stm32f1xx_hal_uart.o
                0x000000000800274a                HAL_UART_Transmit
 .text.HAL_UART_DMAStop
                0x0000000008002860       0xfe ./Drivers/STM32F1xx_HAL_Driver/Src/stm32f1xx_hal_uart.o
                0x0000000008002860                HAL_UART_DMAStop
 .text.HAL_UARTEx_ReceiveToIdle_DMA
                0x000000000800295e       0xb2 ./Drivers/STM32F1xx_HAL_Driver/Src/stm32f1xx_hal_uart.o
                0x000000000800295e                HAL_UARTEx_ReceiveToIdle_DMA
 .text.HAL_UART_IRQHandler
                0x0000000008002a10      0x524 ./Drivers/STM32F1xx_HAL_Driver/Src/stm32f1xx_hal_uart.o
                0x0000000008002a10                HAL_UART_IRQHandler
 .text.HAL_UART_TxCpltCallback
                0x0000000008002f34       0x12 ./Drivers/STM32F1xx_HAL_Driver/Src/stm32f1xx_hal_uart.o
                0x0000000008002f34                HAL_UART_TxCpltCallback
 .text.HAL_UART_RxCpltCallback
                0x0000000008002f46       0x12 ./Drivers/STM32F1xx_HAL_Driver/Src/stm32f1xx_hal_uart.o
                0x0000000008002f46                HAL_UART_RxCpltCallback
 .text.HAL_UART_RxHalfCpltCallback
                0x0000000008002f58       0x12 ./Drivers/STM32F1xx_HAL_Driver/Src/stm32f1xx_hal_uart.o
                0x0000000008002f58                HAL_UART_RxHalfCpltCallback
 .text.HAL_UART_ErrorCallback
                0x0000000008002f6a       0x12 ./Drivers/STM32F1xx_HAL_Driver/Src/stm32f1xx_hal_uart.o
                0x0000000008002f6a                HAL_UART_ErrorCallback
 .text.UART_DMAReceiveCplt
                0x0000000008002f7c      0x12c ./Drivers/STM32F1xx_HAL_Driver/Src/stm32f1xx_hal_uart.o
 .text.UART_DMARxHalfCplt
                0x00000000080030a8       0x3c ./Drivers/STM32F1xx_HAL_Driver/Src/stm32f1xx_hal_uart.o
 .text.UART_DMAError
                0x00000000080030e4       0x94 ./Drivers/STM32F1xx_HAL_Driver/Src/stm32f1xx_hal_uart.o
 .text.UART_WaitOnFlagUntilTimeout
                0x0000000008003178       0xb2 ./Drivers/STM32F1xx_HAL_Driver/Src/stm32f1xx_hal_uart.o
 *fill*         0x000000000800322a        0x2 
 .text.UART_Start_Receive_DMA
                0x000000000800322c      0x134 ./Drivers/STM32F1xx_HAL_Driver/Src/stm32f1xx_hal_uart.o
                0x000000000800322c                UART_Start_Receive_DMA
 .text.UART_EndTxTransfer
                0x0000000008003360       0x4e ./Drivers/STM32F1xx_HAL_Driver/Src/stm32f1xx_hal_uart.o
 .text.UART_EndRxTransfer
                0x00000000080033ae       0xc4 ./Drivers/STM32F1xx_HAL_Driver/Src/stm32f1xx_hal_uart.o
 .text.UART_DMAAbortOnError
                0x0000000008003472       0x28 ./Drivers/STM32F1xx_HAL_Driver/Src/stm32f1xx_hal_uart.o
 .text.UART_Transmit_IT
                0x000000000800349a       0x9e ./Drivers/STM32F1xx_HAL_Driver/Src/stm32f1xx_hal_uart.o
 .text.UART_EndTransmit_IT
                0x0000000008003538       0x30 ./Drivers/STM32F1xx_HAL_Driver/Src/stm32f1xx_hal_uart.o
 .text.UART_Receive_IT
                0x0000000008003568      0x17c ./Drivers/STM32F1xx_HAL_Driver/Src/stm32f1xx_hal_uart.o
 .text.UART_SetConfig
                0x00000000080036e4      0x11c ./Drivers/STM32F1xx_HAL_Driver/Src/stm32f1xx_hal_uart.o
 .text.memset   0x0000000008003800       0x10 C:/ST/STM32CubeIDE_1.14.1/STM32CubeIDE/plugins/com.st.stm32cube.ide.mcu.externaltools.gnu-tools-for-stm32.11.3.rel1.win32_1.1.100.202309141235/tools/bin/../lib/gcc/arm-none-eabi/11.3.1/../../../../arm-none-eabi/lib/thumb/v7-m/nofp\libc_nano.a(libc_a-memset.o)
                0x0000000008003800                memset
 .text.__libc_init_array
                0x0000000008003810       0x48 C:/ST/STM32CubeIDE_1.14.1/STM32CubeIDE/plugins/com.st.stm32cube.ide.mcu.externaltools.gnu-tools-for-stm32.11.3.rel1.win32_1.1.100.202309141235/tools/bin/../lib/gcc/arm-none-eabi/11.3.1/../../../../arm-none-eabi/lib/thumb/v7-m/nofp\libc_nano.a(libc_a-init.o)
                0x0000000008003810                __libc_init_array
 *(.glue_7)
 .glue_7        0x0000000008003858        0x0 linker stubs
 *(.glue_7t)
 .glue_7t       0x0000000008003858        0x0 linker stubs
 *(.eh_frame)
 .eh_frame      0x0000000008003858        0x0 C:/ST/STM32CubeIDE_1.14.1/STM32CubeIDE/plugins/com.st.stm32cube.ide.mcu.externaltools.gnu-tools-for-stm32.11.3.rel1.win32_1.1.100.202309141235/tools/bin/../lib/gcc/arm-none-eabi/11.3.1/thumb/v7-m/nofp/crtbegin.o
 *(.init)
 .init          0x0000000008003858        0x4 C:/ST/STM32CubeIDE_1.14.1/STM32CubeIDE/plugins/com.st.stm32cube.ide.mcu.externaltools.gnu-tools-for-stm32.11.3.rel1.win32_1.1.100.202309141235/tools/bin/../lib/gcc/arm-none-eabi/11.3.1/thumb/v7-m/nofp/crti.o
                0x0000000008003858                _init
 .init          0x000000000800385c        0x8 C:/ST/STM32CubeIDE_1.14.1/STM32CubeIDE/plugins/com.st.stm32cube.ide.mcu.externaltools.gnu-tools-for-stm32.11.3.rel1.win32_1.1.100.202309141235/tools/bin/../lib/gcc/arm-none-eabi/11.3.1/thumb/v7-m/nofp/crtn.o
 *(.fini)
 .fini          0x0000000008003864        0x4 C:/ST/STM32CubeIDE_1.14.1/STM32CubeIDE/plugins/com.st.stm32cube.ide.mcu.externaltools.gnu-tools-for-stm32.11.3.rel1.win32_1.1.100.202309141235/tools/bin/../lib/gcc/arm-none-eabi/11.3.1/thumb/v7-m/nofp/crti.o
                0x0000000008003864                _fini
 .fini          0x0000000008003868        0x8 C:/ST/STM32CubeIDE_1.14.1/STM32CubeIDE/plugins/com.st.stm32cube.ide.mcu.externaltools.gnu-tools-for-stm32.11.3.rel1.win32_1.1.100.202309141235/tools/bin/../lib/gcc/arm-none-eabi/11.3.1/thumb/v7-m/nofp/crtn.o
                0x0000000008003870                . = ALIGN (0x4)
                0x0000000008003870                _etext = .

.vfp11_veneer   0x0000000008003870        0x0
 .vfp11_veneer  0x0000000008003870        0x0 linker stubs

.v4_bx          0x0000000008003870        0x0
 .v4_bx         0x0000000008003870        0x0 linker stubs

.iplt           0x0000000008003870        0x0
 .iplt          0x0000000008003870        0x0 C:/ST/STM32CubeIDE_1.14.1/STM32CubeIDE/plugins/com.st.stm32cube.ide.mcu.externaltools.gnu-tools-for-stm32.11.3.rel1.win32_1.1.100.202309141235/tools/bin/../lib/gcc/arm-none-eabi/11.3.1/thumb/v7-m/nofp/crtbegin.o

.rodata         0x0000000008003870      0x820
                0x0000000008003870                . = ALIGN (0x4)
 *(.rodata)
 .rodata        0x0000000008003870       0x14 ./Core/Src/main.o
 *(.rodata*)
 .rodata.init_cmds1
                0x0000000008003884       0x38 ./Core/Src/ST7735.o
                0x0000000008003884                init_cmds1
 .rodata.init_cmds2
                0x00000000080038bc        0xd ./Core/Src/ST7735.o
                0x00000000080038bc                init_cmds2
 *fill*         0x00000000080038c9        0x3 
 .rodata.init_cmds3
                0x00000000080038cc       0x2b ./Core/Src/ST7735.o
                0x00000000080038cc                init_cmds3
 *fill*         0x00000000080038f7        0x1 
 .rodata.Font7x10
                0x00000000080038f8      0x76c ./Core/Src/fonts.o
 .rodata.AHBPrescTable
                0x0000000008004064       0x10 ./Core/Src/system_stm32f1xx.o
                0x0000000008004064                AHBPrescTable
 .rodata.APBPrescTable
                0x0000000008004074        0x8 ./Core/Src/system_stm32f1xx.o
                0x0000000008004074                APBPrescTable
 .rodata.aPLLMULFactorTable.1
                0x000000000800407c       0x10 ./Drivers/STM32F1xx_HAL_Driver/Src/stm32f1xx_hal_rcc.o
 .rodata.aPredivFactorTable.0
                0x000000000800408c        0x2 ./Drivers/STM32F1xx_HAL_Driver/Src/stm32f1xx_hal_rcc.o
                0x0000000008004090                . = ALIGN (0x4)
 *fill*         0x000000000800408e        0x2 

.rel.dyn        0x0000000008004090        0x0
 .rel.iplt      0x0000000008004090        0x0 C:/ST/STM32CubeIDE_1.14.1/STM32CubeIDE/plugins/com.st.stm32cube.ide.mcu.externaltools.gnu-tools-for-stm32.11.3.rel1.win32_1.1.100.202309141235/tools/bin/../lib/gcc/arm-none-eabi/11.3.1/thumb/v7-m/nofp/crtbegin.o

.ARM.extab      0x0000000008004090        0x0
                0x0000000008004090                . = ALIGN (0x4)
 *(.ARM.extab* .gnu.linkonce.armextab.*)
                0x0000000008004090                . = ALIGN (0x4)

.ARM            0x0000000008004090        0x0
                0x0000000008004090                . = ALIGN (0x4)
                0x0000000008004090                __exidx_start = .
 *(.ARM.exidx*)
                0x0000000008004090                __exidx_end = .
                0x0000000008004090                . = ALIGN (0x4)

.preinit_array  0x0000000008004090        0x0
                0x0000000008004090                . = ALIGN (0x4)
                0x0000000008004090                PROVIDE (__preinit_array_start = .)
 *(.preinit_array*)
                0x0000000008004090                PROVIDE (__preinit_array_end = .)
                0x0000000008004090                . = ALIGN (0x4)

.init_array     0x0000000008004090        0x4
                0x0000000008004090                . = ALIGN (0x4)
                0x0000000008004090                PROVIDE (__init_array_start = .)
 *(SORT_BY_NAME(.init_array.*))
 *(.init_array*)
 .init_array    0x0000000008004090        0x4 C:/ST/STM32CubeIDE_1.14.1/STM32CubeIDE/plugins/com.st.stm32cube.ide.mcu.externaltools.gnu-tools-for-stm32.11.3.rel1.win32_1.1.100.202309141235/tools/bin/../lib/gcc/arm-none-eabi/11.3.1/thumb/v7-m/nofp/crtbegin.o
                0x0000000008004094                PROVIDE (__init_array_end = .)
                0x0000000008004094                . = ALIGN (0x4)

.fini_array     0x0000000008004094        0x4
                0x0000000008004094                . = ALIGN (0x4)
                [!provide]                        PROVIDE (__fini_array_start = .)
 *(SORT_BY_NAME(.fini_array.*))
 *(.fini_array*)
 .fini_array    0x0000000008004094        0x4 C:/ST/STM32CubeIDE_1.14.1/STM32CubeIDE/plugins/com.st.stm32cube.ide.mcu.externaltools.gnu-tools-for-stm32.11.3.rel1.win32_1.1.100.202309141235/tools/bin/../lib/gcc/arm-none-eabi/11.3.1/thumb/v7-m/nofp/crtbegin.o
                [!provide]                        PROVIDE (__fini_array_end = .)
                0x0000000008004098                . = ALIGN (0x4)
                0x0000000008004098                _sidata = LOADADDR (.data)

.data           0x0000000020000000       0x18 load address 0x0000000008004098
                0x0000000020000000                . = ALIGN (0x4)
                0x0000000020000000                _sdata = .
 *(.data)
 *(.data*)
 .data.Font_7x10
                0x0000000020000000        0x8 ./Core/Src/fonts.o
                0x0000000020000000                Font_7x10
 .data.posY     0x0000000020000008        0x1 ./Core/Src/main.o
                0x0000000020000008                posY
 *fill*         0x0000000020000009        0x3 
 .data.SystemCoreClock
                0x000000002000000c        0x4 ./Core/Src/system_stm32f1xx.o
                0x000000002000000c                SystemCoreClock
 .data.uwTickPrio
                0x0000000020000010        0x4 ./Drivers/STM32F1xx_HAL_Driver/Src/stm32f1xx_hal.o
                0x0000000020000010                uwTickPrio
 .data.uwTickFreq
                0x0000000020000014        0x1 ./Drivers/STM32F1xx_HAL_Driver/Src/stm32f1xx_hal.o
                0x0000000020000014                uwTickFreq
 *(.RamFunc)
 *(.RamFunc*)
                0x0000000020000018                . = ALIGN (0x4)
 *fill*         0x0000000020000015        0x3 
                0x0000000020000018                _edata = .

.igot.plt       0x0000000020000018        0x0 load address 0x00000000080040b0
 .igot.plt      0x0000000020000018        0x0 C:/ST/STM32CubeIDE_1.14.1/STM32CubeIDE/plugins/com.st.stm32cube.ide.mcu.externaltools.gnu-tools-for-stm32.11.3.rel1.win32_1.1.100.202309141235/tools/bin/../lib/gcc/arm-none-eabi/11.3.1/thumb/v7-m/nofp/crtbegin.o
                0x0000000020000018                . = ALIGN (0x4)

.bss            0x0000000020000018      0x138 load address 0x00000000080040b0
                0x0000000020000018                _sbss = .
                0x0000000020000018                __bss_start__ = _sbss
 *(.bss)
 .bss           0x0000000020000018       0x1c C:/ST/STM32CubeIDE_1.14.1/STM32CubeIDE/plugins/com.st.stm32cube.ide.mcu.externaltools.gnu-tools-for-stm32.11.3.rel1.win32_1.1.100.202309141235/tools/bin/../lib/gcc/arm-none-eabi/11.3.1/thumb/v7-m/nofp/crtbegin.o
 *(.bss*)
 .bss._width    0x0000000020000034        0x2 ./Core/Src/ST7735.o
                0x0000000020000034                _width
 .bss._height   0x0000000020000036        0x2 ./Core/Src/ST7735.o
                0x0000000020000036                _height
 .bss.rotation  0x0000000020000038        0x1 ./Core/Src/ST7735.o
                0x0000000020000038                rotation
 .bss._colstart
                0x0000000020000039        0x1 ./Core/Src/ST7735.o
                0x0000000020000039                _colstart
 .bss._rowstart
                0x000000002000003a        0x1 ./Core/Src/ST7735.o
                0x000000002000003a                _rowstart
 .bss._xstart   0x000000002000003b        0x1 ./Core/Src/ST7735.o
                0x000000002000003b                _xstart
 .bss._ystart   0x000000002000003c        0x1 ./Core/Src/ST7735.o
                0x000000002000003c                _ystart
 *fill*         0x000000002000003d        0x3 
 .bss.hspi1     0x0000000020000040       0x58 ./Core/Src/main.o
                0x0000000020000040                hspi1
 .bss.huart2    0x0000000020000098       0x48 ./Core/Src/main.o
                0x0000000020000098                huart2
 .bss.hdma_usart2_rx
                0x00000000200000e0       0x44 ./Core/Src/main.o
                0x00000000200000e0                hdma_usart2_rx
 .bss.UART2_rxBuffer
                0x0000000020000124       0x28 ./Core/Src/main.o
                0x0000000020000124                UART2_rxBuffer
 .bss.uwTick    0x000000002000014c        0x4 ./Drivers/STM32F1xx_HAL_Driver/Src/stm32f1xx_hal.o
                0x000000002000014c                uwTick
 *(COMMON)
                0x0000000020000150                . = ALIGN (0x4)
                0x0000000020000150                _ebss = .
                0x0000000020000150                __bss_end__ = _ebss

._user_heap_stack
                0x0000000020000150      0x600 load address 0x00000000080040b0
                0x0000000020000150                . = ALIGN (0x8)
                [!provide]                        PROVIDE (end = .)
                0x0000000020000150                PROVIDE (_end = .)
                0x0000000020000350                . = (. + _Min_Heap_Size)
 *fill*         0x0000000020000150      0x200 
                0x0000000020000750                . = (. + _Min_Stack_Size)
 *fill*         0x0000000020000350      0x400 
                0x0000000020000750                . = ALIGN (0x8)

/DISCARD/
 libc.a(*)
 libm.a(*)
 libgcc.a(*)

.ARM.attributes
                0x0000000000000000       0x29
 *(.ARM.attributes)
 .ARM.attributes
                0x0000000000000000       0x1d C:/ST/STM32CubeIDE_1.14.1/STM32CubeIDE/plugins/com.st.stm32cube.ide.mcu.externaltools.gnu-tools-for-stm32.11.3.rel1.win32_1.1.100.202309141235/tools/bin/../lib/gcc/arm-none-eabi/11.3.1/thumb/v7-m/nofp/crti.o
 .ARM.attributes
                0x000000000000001d       0x2d C:/ST/STM32CubeIDE_1.14.1/STM32CubeIDE/plugins/com.st.stm32cube.ide.mcu.externaltools.gnu-tools-for-stm32.11.3.rel1.win32_1.1.100.202309141235/tools/bin/../lib/gcc/arm-none-eabi/11.3.1/thumb/v7-m/nofp/crtbegin.o
 .ARM.attributes
                0x000000000000004a       0x2d ./Core/Src/GFX_FUNCTIONS.o
 .ARM.attributes
                0x0000000000000077       0x2d ./Core/Src/ST7735.o
 .ARM.attributes
                0x00000000000000a4       0x2d ./Core/Src/fonts.o
 .ARM.attributes
                0x00000000000000d1       0x2d ./Core/Src/main.o
 .ARM.attributes
                0x00000000000000fe       0x2d ./Core/Src/stm32f1xx_hal_msp.o
 .ARM.attributes
                0x000000000000012b       0x2d ./Core/Src/stm32f1xx_it.o
 .ARM.attributes
                0x0000000000000158       0x2d ./Core/Src/system_stm32f1xx.o
 .ARM.attributes
                0x0000000000000185       0x21 ./Core/Startup/startup_stm32f103rbtx.o
 .ARM.attributes
                0x00000000000001a6       0x2d ./Drivers/STM32F1xx_HAL_Driver/Src/stm32f1xx_hal.o
 .ARM.attributes
                0x00000000000001d3       0x2d ./Drivers/STM32F1xx_HAL_Driver/Src/stm32f1xx_hal_cortex.o
 .ARM.attributes
                0x0000000000000200       0x2d ./Drivers/STM32F1xx_HAL_Driver/Src/stm32f1xx_hal_dma.o
 .ARM.attributes
                0x000000000000022d       0x2d ./Drivers/STM32F1xx_HAL_Driver/Src/stm32f1xx_hal_gpio.o
 .ARM.attributes
                0x000000000000025a       0x2d ./Drivers/STM32F1xx_HAL_Driver/Src/stm32f1xx_hal_rcc.o
 .ARM.attributes
                0x0000000000000287       0x2d ./Drivers/STM32F1xx_HAL_Driver/Src/stm32f1xx_hal_spi.o
 .ARM.attributes
                0x00000000000002b4       0x2d ./Drivers/STM32F1xx_HAL_Driver/Src/stm32f1xx_hal_uart.o
 .ARM.attributes
                0x00000000000002e1       0x2d C:/ST/STM32CubeIDE_1.14.1/STM32CubeIDE/plugins/com.st.stm32cube.ide.mcu.externaltools.gnu-tools-for-stm32.11.3.rel1.win32_1.1.100.202309141235/tools/bin/../lib/gcc/arm-none-eabi/11.3.1/../../../../arm-none-eabi/lib/thumb/v7-m/nofp\libc_nano.a(libc_a-memset.o)
 .ARM.attributes
                0x000000000000030e       0x2d C:/ST/STM32CubeIDE_1.14.1/STM32CubeIDE/plugins/com.st.stm32cube.ide.mcu.externaltools.gnu-tools-for-stm32.11.3.rel1.win32_1.1.100.202309141235/tools/bin/../lib/gcc/arm-none-eabi/11.3.1/../../../../arm-none-eabi/lib/thumb/v7-m/nofp\libc_nano.a(libc_a-init.o)
 .ARM.attributes
                0x000000000000033b       0x1d C:/ST/STM32CubeIDE_1.14.1/STM32CubeIDE/plugins/com.st.stm32cube.ide.mcu.externaltools.gnu-tools-for-stm32.11.3.rel1.win32_1.1.100.202309141235/tools/bin/../lib/gcc/arm-none-eabi/11.3.1/thumb/v7-m/nofp/crtn.o
OUTPUT(ST7735_F103RB.elf elf32-littlearm)
LOAD linker stubs
LOAD C:/ST/STM32CubeIDE_1.14.1/STM32CubeIDE/plugins/com.st.stm32cube.ide.mcu.externaltools.gnu-tools-for-stm32.11.3.rel1.win32_1.1.100.202309141235/tools/bin/../lib/gcc/arm-none-eabi/11.3.1/../../../../arm-none-eabi/lib/thumb/v7-m/nofp\libc.a
LOAD C:/ST/STM32CubeIDE_1.14.1/STM32CubeIDE/plugins/com.st.stm32cube.ide.mcu.externaltools.gnu-tools-for-stm32.11.3.rel1.win32_1.1.100.202309141235/tools/bin/../lib/gcc/arm-none-eabi/11.3.1/../../../../arm-none-eabi/lib/thumb/v7-m/nofp\libm.a
LOAD C:/ST/STM32CubeIDE_1.14.1/STM32CubeIDE/plugins/com.st.stm32cube.ide.mcu.externaltools.gnu-tools-for-stm32.11.3.rel1.win32_1.1.100.202309141235/tools/bin/../lib/gcc/arm-none-eabi/11.3.1/thumb/v7-m/nofp\libgcc.a

.comment        0x0000000000000000       0x43
 .comment       0x0000000000000000       0x43 C:/ST/STM32CubeIDE_1.14.1/STM32CubeIDE/plugins/com.st.stm32cube.ide.mcu.externaltools.gnu-tools-for-stm32.11.3.rel1.win32_1.1.100.202309141235/tools/bin/../lib/gcc/arm-none-eabi/11.3.1/thumb/v7-m/nofp/crtbegin.o
                                         0x44 (size before relaxing)
 .comment       0x0000000000000043       0x44 ./Core/Src/GFX_FUNCTIONS.o
 .comment       0x0000000000000043       0x44 ./Core/Src/ST7735.o
 .comment       0x0000000000000043       0x44 ./Core/Src/fonts.o
 .comment       0x0000000000000043       0x44 ./Core/Src/main.o
 .comment       0x0000000000000043       0x44 ./Core/Src/stm32f1xx_hal_msp.o
 .comment       0x0000000000000043       0x44 ./Core/Src/stm32f1xx_it.o
 .comment       0x0000000000000043       0x44 ./Core/Src/system_stm32f1xx.o
 .comment       0x0000000000000043       0x44 ./Drivers/STM32F1xx_HAL_Driver/Src/stm32f1xx_hal.o
 .comment       0x0000000000000043       0x44 ./Drivers/STM32F1xx_HAL_Driver/Src/stm32f1xx_hal_cortex.o
 .comment       0x0000000000000043       0x44 ./Drivers/STM32F1xx_HAL_Driver/Src/stm32f1xx_hal_dma.o
 .comment       0x0000000000000043       0x44 ./Drivers/STM32F1xx_HAL_Driver/Src/stm32f1xx_hal_gpio.o
 .comment       0x0000000000000043       0x44 ./Drivers/STM32F1xx_HAL_Driver/Src/stm32f1xx_hal_rcc.o
 .comment       0x0000000000000043       0x44 ./Drivers/STM32F1xx_HAL_Driver/Src/stm32f1xx_hal_spi.o
 .comment       0x0000000000000043       0x44 ./Drivers/STM32F1xx_HAL_Driver/Src/stm32f1xx_hal_uart.o

.debug_info     0x0000000000000000     0xa9ad
 .debug_info    0x0000000000000000      0xe41 ./Core/Src/GFX_FUNCTIONS.o
 .debug_info    0x0000000000000e41      0xc10 ./Core/Src/ST7735.o
 .debug_info    0x0000000000001a51      0x19a ./Core/Src/fonts.o
 .debug_info    0x0000000000001beb      0xf8f ./Core/Src/main.o
 .debug_info    0x0000000000002b7a      0xce1 ./Core/Src/stm32f1xx_hal_msp.o
 .debug_info    0x000000000000385b      0x616 ./Core/Src/stm32f1xx_it.o
 .debug_info    0x0000000000003e71      0x222 ./Core/Src/system_stm32f1xx.o
 .debug_info    0x0000000000004093       0x23 ./Core/Startup/startup_stm32f103rbtx.o
 .debug_info    0x00000000000040b6      0x704 ./Drivers/STM32F1xx_HAL_Driver/Src/stm32f1xx_hal.o
 .debug_info    0x00000000000047ba      0xa87 ./Drivers/STM32F1xx_HAL_Driver/Src/stm32f1xx_hal_cortex.o
 .debug_info    0x0000000000005241      0x6d2 ./Drivers/STM32F1xx_HAL_Driver/Src/stm32f1xx_hal_dma.o
 .debug_info    0x0000000000005913      0x5ab ./Drivers/STM32F1xx_HAL_Driver/Src/stm32f1xx_hal_gpio.o
 .debug_info    0x0000000000005ebe      0x7d5 ./Drivers/STM32F1xx_HAL_Driver/Src/stm32f1xx_hal_rcc.o
 .debug_info    0x0000000000006693     0x142d ./Drivers/STM32F1xx_HAL_Driver/Src/stm32f1xx_hal_spi.o
 .debug_info    0x0000000000007ac0     0x2eed ./Drivers/STM32F1xx_HAL_Driver/Src/stm32f1xx_hal_uart.o

.debug_abbrev   0x0000000000000000     0x1d8c
 .debug_abbrev  0x0000000000000000      0x1b0 ./Core/Src/GFX_FUNCTIONS.o
 .debug_abbrev  0x00000000000001b0      0x287 ./Core/Src/ST7735.o
 .debug_abbrev  0x0000000000000437       0xb3 ./Core/Src/fonts.o
 .debug_abbrev  0x00000000000004ea      0x2dc ./Core/Src/main.o
 .debug_abbrev  0x00000000000007c6      0x20a ./Core/Src/stm32f1xx_hal_msp.o
 .debug_abbrev  0x00000000000009d0      0x178 ./Core/Src/stm32f1xx_it.o
 .debug_abbrev  0x0000000000000b48      0x13f ./Core/Src/system_stm32f1xx.o
 .debug_abbrev  0x0000000000000c87       0x12 ./Core/Startup/startup_stm32f103rbtx.o
 .debug_abbrev  0x0000000000000c99      0x201 ./Drivers/STM32F1xx_HAL_Driver/Src/stm32f1xx_hal.o
 .debug_abbrev  0x0000000000000e9a      0x2f8 ./Drivers/STM32F1xx_HAL_Driver/Src/stm32f1xx_hal_cortex.o
 .debug_abbrev  0x0000000000001192      0x20b ./Drivers/STM32F1xx_HAL_Driver/Src/stm32f1xx_hal_dma.o
 .debug_abbrev  0x000000000000139d      0x1ca ./Drivers/STM32F1xx_HAL_Driver/Src/stm32f1xx_hal_gpio.o
 .debug_abbrev  0x0000000000001567      0x2b3 ./Drivers/STM32F1xx_HAL_Driver/Src/stm32f1xx_hal_rcc.o
 .debug_abbrev  0x000000000000181a      0x27a ./Drivers/STM32F1xx_HAL_Driver/Src/stm32f1xx_hal_spi.o
 .debug_abbrev  0x0000000000001a94      0x2f8 ./Drivers/STM32F1xx_HAL_Driver/Src/stm32f1xx_hal_uart.o

.debug_aranges  0x0000000000000000      0xa20
 .debug_aranges
                0x0000000000000000      0x100 ./Core/Src/GFX_FUNCTIONS.o
 .debug_aranges
                0x0000000000000100       0x90 ./Core/Src/ST7735.o
 .debug_aranges
                0x0000000000000190       0x18 ./Core/Src/fonts.o
 .debug_aranges
                0x00000000000001a8       0x58 ./Core/Src/main.o
 .debug_aranges
                0x0000000000000200       0x40 ./Core/Src/stm32f1xx_hal_msp.o
 .debug_aranges
                0x0000000000000240       0x70 ./Core/Src/stm32f1xx_it.o
 .debug_aranges
                0x00000000000002b0       0x28 ./Core/Src/system_stm32f1xx.o
 .debug_aranges
                0x00000000000002d8       0x28 ./Core/Startup/startup_stm32f103rbtx.o
 .debug_aranges
                0x0000000000000300       0xe0 ./Drivers/STM32F1xx_HAL_Driver/Src/stm32f1xx_hal.o
 .debug_aranges
                0x00000000000003e0      0x100 ./Drivers/STM32F1xx_HAL_Driver/Src/stm32f1xx_hal_cortex.o
 .debug_aranges
                0x00000000000004e0       0x80 ./Drivers/STM32F1xx_HAL_Driver/Src/stm32f1xx_hal_dma.o
 .debug_aranges
                0x0000000000000560       0x58 ./Drivers/STM32F1xx_HAL_Driver/Src/stm32f1xx_hal_gpio.o
 .debug_aranges
                0x00000000000005b8       0x90 ./Drivers/STM32F1xx_HAL_Driver/Src/stm32f1xx_hal_rcc.o
 .debug_aranges
                0x0000000000000648      0x1d0 ./Drivers/STM32F1xx_HAL_Driver/Src/stm32f1xx_hal_spi.o
 .debug_aranges
                0x0000000000000818      0x208 ./Drivers/STM32F1xx_HAL_Driver/Src/stm32f1xx_hal_uart.o

.debug_rnglists
                0x0000000000000000      0x7c1
 .debug_rnglists
                0x0000000000000000       0xcd ./Core/Src/GFX_FUNCTIONS.o
 .debug_rnglists
                0x00000000000000cd       0x6e ./Core/Src/ST7735.o
 .debug_rnglists
                0x000000000000013b       0x40 ./Core/Src/main.o
 .debug_rnglists
                0x000000000000017b       0x2d ./Core/Src/stm32f1xx_hal_msp.o
 .debug_rnglists
                0x00000000000001a8       0x4f ./Core/Src/stm32f1xx_it.o
 .debug_rnglists
                0x00000000000001f7       0x1a ./Core/Src/system_stm32f1xx.o
 .debug_rnglists
                0x0000000000000211       0x19 ./Core/Startup/startup_stm32f103rbtx.o
 .debug_rnglists
                0x000000000000022a       0xa3 ./Drivers/STM32F1xx_HAL_Driver/Src/stm32f1xx_hal.o
 .debug_rnglists
                0x00000000000002cd       0xbb ./Drivers/STM32F1xx_HAL_Driver/Src/stm32f1xx_hal_cortex.o
 .debug_rnglists
                0x0000000000000388       0x64 ./Drivers/STM32F1xx_HAL_Driver/Src/stm32f1xx_hal_dma.o
 .debug_rnglists
                0x00000000000003ec       0x3f ./Drivers/STM32F1xx_HAL_Driver/Src/stm32f1xx_hal_gpio.o
 .debug_rnglists
                0x000000000000042b       0x6c ./Drivers/STM32F1xx_HAL_Driver/Src/stm32f1xx_hal_rcc.o
 .debug_rnglists
                0x0000000000000497      0x16e ./Drivers/STM32F1xx_HAL_Driver/Src/stm32f1xx_hal_spi.o
 .debug_rnglists
                0x0000000000000605      0x1bc ./Drivers/STM32F1xx_HAL_Driver/Src/stm32f1xx_hal_uart.o

.debug_macro    0x0000000000000000    0x17494
 .debug_macro   0x0000000000000000      0x292 ./Core/Src/GFX_FUNCTIONS.o
 .debug_macro   0x0000000000000292      0xa9c ./Core/Src/GFX_FUNCTIONS.o
 .debug_macro   0x0000000000000d2e       0x22 ./Core/Src/GFX_FUNCTIONS.o
 .debug_macro   0x0000000000000d50       0x8e ./Core/Src/GFX_FUNCTIONS.o
 .debug_macro   0x0000000000000dde       0x51 ./Core/Src/GFX_FUNCTIONS.o
 .debug_macro   0x0000000000000e2f      0x103 ./Core/Src/GFX_FUNCTIONS.o
 .debug_macro   0x0000000000000f32       0x6a ./Core/Src/GFX_FUNCTIONS.o
 .debug_macro   0x0000000000000f9c      0x1df ./Core/Src/GFX_FUNCTIONS.o
 .debug_macro   0x000000000000117b      0x221 ./Core/Src/GFX_FUNCTIONS.o
 .debug_macro   0x000000000000139c       0x2e ./Core/Src/GFX_FUNCTIONS.o
 .debug_macro   0x00000000000013ca       0x22 ./Core/Src/GFX_FUNCTIONS.o
 .debug_macro   0x00000000000013ec       0x1c ./Core/Src/GFX_FUNCTIONS.o
 .debug_macro   0x0000000000001408       0x22 ./Core/Src/GFX_FUNCTIONS.o
 .debug_macro   0x000000000000142a       0xbd ./Core/Src/GFX_FUNCTIONS.o
 .debug_macro   0x00000000000014e7      0xd23 ./Core/Src/GFX_FUNCTIONS.o
 .debug_macro   0x000000000000220a     0xe09e ./Core/Src/GFX_FUNCTIONS.o
 .debug_macro   0x00000000000102a8       0x6d ./Core/Src/GFX_FUNCTIONS.o
 .debug_macro   0x0000000000010315     0x34a2 ./Core/Src/GFX_FUNCTIONS.o
 .debug_macro   0x00000000000137b7      0x174 ./Core/Src/GFX_FUNCTIONS.o
 .debug_macro   0x000000000001392b       0x5c ./Core/Src/GFX_FUNCTIONS.o
 .debug_macro   0x0000000000013987      0x5bc ./Core/Src/GFX_FUNCTIONS.o
 .debug_macro   0x0000000000013f43      0x289 ./Core/Src/GFX_FUNCTIONS.o
 .debug_macro   0x00000000000141cc      0x1cb ./Core/Src/GFX_FUNCTIONS.o
 .debug_macro   0x0000000000014397      0x114 ./Core/Src/GFX_FUNCTIONS.o
 .debug_macro   0x00000000000144ab      0x1b2 ./Core/Src/GFX_FUNCTIONS.o
 .debug_macro   0x000000000001465d       0x27 ./Core/Src/GFX_FUNCTIONS.o
 .debug_macro   0x0000000000014684      0x136 ./Core/Src/GFX_FUNCTIONS.o
 .debug_macro   0x00000000000147ba      0x1bc ./Core/Src/GFX_FUNCTIONS.o
 .debug_macro   0x0000000000014976       0x34 ./Core/Src/GFX_FUNCTIONS.o
 .debug_macro   0x00000000000149aa       0x3c ./Core/Src/GFX_FUNCTIONS.o
 .debug_macro   0x00000000000149e6       0x57 ./Core/Src/GFX_FUNCTIONS.o
 .debug_macro   0x0000000000014a3d       0x87 ./Core/Src/GFX_FUNCTIONS.o
 .debug_macro   0x0000000000014ac4      0x240 ./Core/Src/GFX_FUNCTIONS.o
 .debug_macro   0x0000000000014d04      0x140 ./Core/Src/GFX_FUNCTIONS.o
 .debug_macro   0x0000000000014e44      0x217 ./Core/Src/GFX_FUNCTIONS.o
 .debug_macro   0x000000000001505b      0x28e ./Core/Src/GFX_FUNCTIONS.o
 .debug_macro   0x00000000000152e9       0x83 ./Core/Src/GFX_FUNCTIONS.o
 .debug_macro   0x000000000001536c       0x22 ./Core/Src/GFX_FUNCTIONS.o
 .debug_macro   0x000000000001538e      0x184 ./Core/Src/GFX_FUNCTIONS.o
 .debug_macro   0x0000000000015512       0x24 ./Core/Src/GFX_FUNCTIONS.o
 .debug_macro   0x0000000000015536       0x61 ./Core/Src/GFX_FUNCTIONS.o
 .debug_macro   0x0000000000015597       0x43 ./Core/Src/GFX_FUNCTIONS.o
 .debug_macro   0x00000000000155da       0x34 ./Core/Src/GFX_FUNCTIONS.o
 .debug_macro   0x000000000001560e       0x16 ./Core/Src/GFX_FUNCTIONS.o
 .debug_macro   0x0000000000015624       0x35 ./Core/Src/GFX_FUNCTIONS.o
 .debug_macro   0x0000000000015659       0x16 ./Core/Src/GFX_FUNCTIONS.o
 .debug_macro   0x000000000001566f       0x43 ./Core/Src/GFX_FUNCTIONS.o
 .debug_macro   0x00000000000156b2       0x34 ./Core/Src/GFX_FUNCTIONS.o
 .debug_macro   0x00000000000156e6       0x10 ./Core/Src/GFX_FUNCTIONS.o
 .debug_macro   0x00000000000156f6       0x58 ./Core/Src/GFX_FUNCTIONS.o
 .debug_macro   0x000000000001574e       0x8e ./Core/Src/GFX_FUNCTIONS.o
 .debug_macro   0x00000000000157dc       0x1c ./Core/Src/GFX_FUNCTIONS.o
 .debug_macro   0x00000000000157f8      0x177 ./Core/Src/GFX_FUNCTIONS.o
 .debug_macro   0x000000000001596f      0x369 ./Core/Src/GFX_FUNCTIONS.o
 .debug_macro   0x0000000000015cd8       0x16 ./Core/Src/GFX_FUNCTIONS.o
 .debug_macro   0x0000000000015cee       0x29 ./Core/Src/GFX_FUNCTIONS.o
 .debug_macro   0x0000000000015d17      0x1ba ./Core/Src/ST7735.o
 .debug_macro   0x0000000000015ed1       0x6d ./Core/Src/fonts.o
 .debug_macro   0x0000000000015f3e      0x2bb ./Core/Src/main.o
 .debug_macro   0x00000000000161f9       0x40 ./Core/Src/main.o
 .debug_macro   0x0000000000016239       0x16 ./Core/Src/main.o
 .debug_macro   0x000000000001624f       0x10 ./Core/Src/main.o
 .debug_macro   0x000000000001625f       0x16 ./Core/Src/main.o
 .debug_macro   0x0000000000016275       0x16 ./Core/Src/main.o
 .debug_macro   0x000000000001628b      0x147 ./Core/Src/main.o
 .debug_macro   0x00000000000163d2      0x1a7 ./Core/Src/stm32f1xx_hal_msp.o
 .debug_macro   0x0000000000016579      0x1b1 ./Core/Src/stm32f1xx_it.o
 .debug_macro   0x000000000001672a      0x198 ./Core/Src/system_stm32f1xx.o
 .debug_macro   0x00000000000168c2      0x1bc ./Drivers/STM32F1xx_HAL_Driver/Src/stm32f1xx_hal.o
 .debug_macro   0x0000000000016a7e      0x198 ./Drivers/STM32F1xx_HAL_Driver/Src/stm32f1xx_hal_cortex.o
 .debug_macro   0x0000000000016c16      0x198 ./Drivers/STM32F1xx_HAL_Driver/Src/stm32f1xx_hal_dma.o
 .debug_macro   0x0000000000016dae      0x203 ./Drivers/STM32F1xx_HAL_Driver/Src/stm32f1xx_hal_gpio.o
 .debug_macro   0x0000000000016fb1      0x1aa ./Drivers/STM32F1xx_HAL_Driver/Src/stm32f1xx_hal_rcc.o
 .debug_macro   0x000000000001715b      0x1a0 ./Drivers/STM32F1xx_HAL_Driver/Src/stm32f1xx_hal_spi.o
 .debug_macro   0x00000000000172fb      0x199 ./Drivers/STM32F1xx_HAL_Driver/Src/stm32f1xx_hal_uart.o

.debug_line     0x0000000000000000     0xc534
 .debug_line    0x0000000000000000     0x14d7 ./Core/Src/GFX_FUNCTIONS.o
 .debug_line    0x00000000000014d7      0xaf7 ./Core/Src/ST7735.o
 .debug_line    0x0000000000001fce      0x412 ./Core/Src/fonts.o
 .debug_line    0x00000000000023e0      0xa2d ./Core/Src/main.o
 .debug_line    0x0000000000002e0d      0x7ae ./Core/Src/stm32f1xx_hal_msp.o
 .debug_line    0x00000000000035bb      0x7dd ./Core/Src/stm32f1xx_it.o
 .debug_line    0x0000000000003d98      0x769 ./Core/Src/system_stm32f1xx.o
 .debug_line    0x0000000000004501       0x78 ./Core/Startup/startup_stm32f103rbtx.o
 .debug_line    0x0000000000004579      0x996 ./Drivers/STM32F1xx_HAL_Driver/Src/stm32f1xx_hal.o
 .debug_line    0x0000000000004f0f      0xb7e ./Drivers/STM32F1xx_HAL_Driver/Src/stm32f1xx_hal_cortex.o
 .debug_line    0x0000000000005a8d      0xdef ./Drivers/STM32F1xx_HAL_Driver/Src/stm32f1xx_hal_dma.o
 .debug_line    0x000000000000687c      0xa2f ./Drivers/STM32F1xx_HAL_Driver/Src/stm32f1xx_hal_gpio.o
 .debug_line    0x00000000000072ab      0xd9f ./Drivers/STM32F1xx_HAL_Driver/Src/stm32f1xx_hal_rcc.o
 .debug_line    0x000000000000804a     0x1c90 ./Drivers/STM32F1xx_HAL_Driver/Src/stm32f1xx_hal_spi.o
 .debug_line    0x0000000000009cda     0x285a ./Drivers/STM32F1xx_HAL_Driver/Src/stm32f1xx_hal_uart.o

.debug_str      0x0000000000000000    0x841f6
 .debug_str     0x0000000000000000    0x812f6 ./Core/Src/GFX_FUNCTIONS.o
                                      0x81661 (size before relaxing)
 .debug_str     0x00000000000812f6      0x5ac ./Core/Src/ST7735.o
                                      0x7e85f (size before relaxing)
 .debug_str     0x00000000000818a2       0x51 ./Core/Src/fonts.o
                                       0x3d10 (size before relaxing)
 .debug_str     0x00000000000818f3      0xe79 ./Core/Src/main.o
                                      0x8266e (size before relaxing)
 .debug_str     0x000000000008276c       0xe5 ./Core/Src/stm32f1xx_hal_msp.o
                                      0x7e7f8 (size before relaxing)
 .debug_str     0x0000000000082851      0x11b ./Core/Src/stm32f1xx_it.o
                                      0x7e2c7 (size before relaxing)
 .debug_str     0x000000000008296c       0x7e ./Core/Src/system_stm32f1xx.o
                                      0x7dd8e (size before relaxing)
 .debug_str     0x00000000000829ea       0x34 ./Core/Startup/startup_stm32f103rbtx.o
                                         0x5f (size before relaxing)
 .debug_str     0x0000000000082a1e      0x37a ./Drivers/STM32F1xx_HAL_Driver/Src/stm32f1xx_hal.o
                                      0x7e4c1 (size before relaxing)
 .debug_str     0x0000000000082d98      0x28a ./Drivers/STM32F1xx_HAL_Driver/Src/stm32f1xx_hal_cortex.o
                                      0x7e40d (size before relaxing)
 .debug_str     0x0000000000083022      0x20b ./Drivers/STM32F1xx_HAL_Driver/Src/stm32f1xx_hal_dma.o
                                      0x7e137 (size before relaxing)
 .debug_str     0x000000000008322d      0x2e1 ./Drivers/STM32F1xx_HAL_Driver/Src/stm32f1xx_hal_gpio.o
                                      0x7e114 (size before relaxing)
 .debug_str     0x000000000008350e      0x229 ./Drivers/STM32F1xx_HAL_Driver/Src/stm32f1xx_hal_rcc.o
                                      0x7e1bd (size before relaxing)
 .debug_str     0x0000000000083737      0x525 ./Drivers/STM32F1xx_HAL_Driver/Src/stm32f1xx_hal_spi.o
                                      0x7e6b4 (size before relaxing)
 .debug_str     0x0000000000083c5c      0x59a ./Drivers/STM32F1xx_HAL_Driver/Src/stm32f1xx_hal_uart.o
                                      0x7e82e (size before relaxing)

.debug_frame    0x0000000000000000     0x289c
 .debug_frame   0x0000000000000000      0x478 ./Core/Src/GFX_FUNCTIONS.o
 .debug_frame   0x0000000000000478      0x23c ./Core/Src/ST7735.o
 .debug_frame   0x00000000000006b4      0x110 ./Core/Src/main.o
 .debug_frame   0x00000000000007c4       0xc8 ./Core/Src/stm32f1xx_hal_msp.o
 .debug_frame   0x000000000000088c      0x13c ./Core/Src/stm32f1xx_it.o
 .debug_frame   0x00000000000009c8       0x58 ./Core/Src/system_stm32f1xx.o
 .debug_frame   0x0000000000000a20      0x334 ./Drivers/STM32F1xx_HAL_Driver/Src/stm32f1xx_hal.o
 .debug_frame   0x0000000000000d54      0x428 ./Drivers/STM32F1xx_HAL_Driver/Src/stm32f1xx_hal_cortex.o
 .debug_frame   0x000000000000117c      0x208 ./Drivers/STM32F1xx_HAL_Driver/Src/stm32f1xx_hal_dma.o
 .debug_frame   0x0000000000001384      0x14c ./Drivers/STM32F1xx_HAL_Driver/Src/stm32f1xx_hal_gpio.o
 .debug_frame   0x00000000000014d0      0x218 ./Drivers/STM32F1xx_HAL_Driver/Src/stm32f1xx_hal_rcc.o
 .debug_frame   0x00000000000016e8      0x824 ./Drivers/STM32F1xx_HAL_Driver/Src/stm32f1xx_hal_spi.o
 .debug_frame   0x0000000000001f0c      0x944 ./Drivers/STM32F1xx_HAL_Driver/Src/stm32f1xx_hal_uart.o
 .debug_frame   0x0000000000002850       0x20 C:/ST/STM32CubeIDE_1.14.1/STM32CubeIDE/plugins/com.st.stm32cube.ide.mcu.externaltools.gnu-tools-for-stm32.11.3.rel1.win32_1.1.100.202309141235/tools/bin/../lib/gcc/arm-none-eabi/11.3.1/../../../../arm-none-eabi/lib/thumb/v7-m/nofp\libc_nano.a(libc_a-memset.o)
 .debug_frame   0x0000000000002870       0x2c C:/ST/STM32CubeIDE_1.14.1/STM32CubeIDE/plugins/com.st.stm32cube.ide.mcu.externaltools.gnu-tools-for-stm32.11.3.rel1.win32_1.1.100.202309141235/tools/bin/../lib/gcc/arm-none-eabi/11.3.1/../../../../arm-none-eabi/lib/thumb/v7-m/nofp\libc_nano.a(libc_a-init.o)

.debug_line_str
                0x0000000000000000       0x53
 .debug_line_str
                0x0000000000000000       0x53 ./Core/Startup/startup_stm32f103rbtx.o
                                         0x6b (size before relaxing)
